2026-05-03 20:49:03: [WARNING] PANIC SELL ACTIVÉ: Baisse de 98.8% !
2026-05-03 20:49:15: [SELL] PANIC SELL: SOLUSDT vendu
2026-05-03 20:49:15: [WARNING] PANIC SELL activé
2026-05-03 22:17:25: [WARNING] PANIC SELL ACTIVÉ: Baisse de 98.4% !
2026-05-03 22:17:36: [WARNING] PANIC SELL activé
2026-05-03 23:59:15: [WARNING] PANIC SELL ACTIVÉ: Baisse de 98.5% !
2026-05-03 23:59:16: [SELL] PANIC SELL: BTCUSDT vendu
2026-05-03 23:59:16: [WARNING] PANIC SELL activé
2026-05-04 00:59:16: [WARNING] PANIC SELL ACTIVÉ: Baisse de 98.5% !
2026-05-04 00:59:16: [WARNING] PANIC SELL activé
2026-05-04 01:59:17: [WARNING] PANIC SELL ACTIVÉ: Baisse de 98.5% !
2026-05-04 01:59:17: [WARNING] PANIC SELL activé
2026-05-04 02:59:17: [WARNING] PANIC SELL ACTIVÉ: Baisse de 98.5% !
2026-05-04 02:59:17: [WARNING] PANIC SELL activé
2026-05-04 03:59:17: [WARNING] PANIC SELL ACTIVÉ: Baisse de 98.5% !
2026-05-04 03:59:17: [WARNING] PANIC SELL activé
2026-05-04 04:59:18: [WARNING] PANIC SELL ACTIVÉ: Baisse de 98.5% !
2026-05-04 04:59:18: [WARNING] PANIC SELL activé
2026-05-04 05:59:18: [WARNING] PANIC SELL ACTIVÉ: Baisse de 98.5% !
2026-05-04 05:59:18: [WARNING] PANIC SELL activé
2026-05-04 07:35:18: [WARNING] PANIC SELL ACTIVÉ: Baisse de 97.5% !
2026-05-04 07:35:20: [SELL] PANIC SELL: ETHUSDT vendu
2026-05-04 07:35:20: [WARNING] PANIC SELL activé
2026-05-04 08:35:21: [WARNING] PANIC SELL ACTIVÉ: Baisse de 97.5% !
2026-05-04 08:35:21: [WARNING] PANIC SELL activé
2026-05-04 09:35:22: [WARNING] PANIC SELL ACTIVÉ: Baisse de 97.5% !
2026-05-04 09:35:23: [WARNING] PANIC SELL activé
2026-05-04 10:35:23: [WARNING] PANIC SELL ACTIVÉ: Baisse de 97.5% !
2026-05-04 10:35:24: [WARNING] PANIC SELL activé
2026-05-04 11:35:24: [WARNING] PANIC SELL ACTIVÉ: Baisse de 97.5% !
2026-05-04 11:35:25: [WARNING] PANIC SELL activé
2026-05-04 12:35:25: [WARNING] PANIC SELL ACTIVÉ: Baisse de 97.5% !
2026-05-04 12:35:26: [WARNING] PANIC SELL activé
2026-05-04 13:35:26: [WARNING] PANIC SELL ACTIVÉ: Baisse de 97.5% !
2026-05-04 13:35:27: [WARNING] PANIC SELL activé
2026-05-04 14:35:27: [WARNING] PANIC SELL ACTIVÉ: Baisse de 97.5% !
2026-05-04 14:35:28: [WARNING] PANIC SELL activé
2026-05-04 15:35:28: [WARNING] PANIC SELL ACTIVÉ: Baisse de 97.5% !
2026-05-04 15:35:29: [WARNING] PANIC SELL activé
2026-05-04 16:35:29: [WARNING] PANIC SELL ACTIVÉ: Baisse de 97.5% !
2026-05-04 16:35:30: [WARNING] PANIC SELL activé
2026-05-04 17:35:30: [WARNING] PANIC SELL ACTIVÉ: Baisse de 97.5% !
2026-05-04 17:35:31: [WARNING] PANIC SELL activé
2026-05-04 18:35:32: [WARNING] PANIC SELL ACTIVÉ: Baisse de 97.5% !
2026-05-04 18:35:32: [WARNING] PANIC SELL activé
2026-05-04 19:35:33: [WARNING] PANIC SELL ACTIVÉ: Baisse de 97.5% !
2026-05-04 19:35:33: [WARNING] PANIC SELL activé
2026-05-04 20:35:34: [WARNING] PANIC SELL ACTIVÉ: Baisse de 97.5% !
2026-05-04 20:35:34: [WARNING] PANIC SELL activé
2026-05-04 21:35:35: [WARNING] PANIC SELL ACTIVÉ: Baisse de 97.5% !
2026-05-04 21:35:35: [WARNING] PANIC SELL activé
2026-05-04 22:35:36: [WARNING] PANIC SELL ACTIVÉ: Baisse de 97.5% !
2026-05-04 22:35:36: [WARNING] PANIC SELL activé
2026-05-04 23:35:37: [WARNING] PANIC SELL ACTIVÉ: Baisse de 97.5% !
2026-05-04 23:35:38: [WARNING] PANIC SELL activé
2026-05-05 00:35:38: [WARNING] PANIC SELL ACTIVÉ: Baisse de 97.5% !
2026-05-05 00:35:39: [WARNING] PANIC SELL activé
2026-05-05 01:35:39: [WARNING] PANIC SELL ACTIVÉ: Baisse de 97.5% !
2026-05-05 01:35:40: [WARNING] PANIC SELL activé
2026-05-05 02:35:40: [WARNING] PANIC SELL ACTIVÉ: Baisse de 97.5% !
2026-05-05 02:35:41: [WARNING] PANIC SELL activé
2026-05-05 03:35:42: [WARNING] PANIC SELL ACTIVÉ: Baisse de 97.5% !
2026-05-05 03:35:42: [WARNING] PANIC SELL activé
2026-05-05 04:35:43: [WARNING] PANIC SELL ACTIVÉ: Baisse de 97.5% !
2026-05-05 04:35:43: [WARNING] PANIC SELL activé
2026-05-05 05:35:44: [WARNING] PANIC SELL ACTIVÉ: Baisse de 97.5% !
2026-05-05 05:35:44: [WARNING] PANIC SELL activé
2026-05-05 06:35:45: [WARNING] PANIC SELL ACTIVÉ: Baisse de 97.5% !
2026-05-05 06:35:45: [WARNING] PANIC SELL activé
2026-05-05 07:35:46: [WARNING] PANIC SELL ACTIVÉ: Baisse de 97.5% !
2026-05-05 07:35:46: [WARNING] PANIC SELL activé
2026-05-05 08:37:32: [WARNING] PANIC SELL ACTIVÉ: Baisse de 96.9% !
2026-05-05 08:37:34: [SELL] PANIC SELL: ETHUSDT vendu
2026-05-05 08:37:35: [SELL] PANIC SELL: SOLUSDT vendu
2026-05-05 08:37:36: [WARNING] PANIC SELL activé
2026-05-05 09:37:36: [WARNING] PANIC SELL ACTIVÉ: Baisse de 96.9% !
2026-05-05 09:37:37: [WARNING] PANIC SELL activé
2026-05-05 10:37:38: [WARNING] PANIC SELL ACTIVÉ: Baisse de 96.9% !
2026-05-05 10:37:39: [WARNING] PANIC SELL activé
2026-05-05 11:37:40: [WARNING] PANIC SELL ACTIVÉ: Baisse de 96.9% !
2026-05-05 11:37:40: [WARNING] PANIC SELL activé
2026-05-05 12:37:41: [WARNING] PANIC SELL ACTIVÉ: Baisse de 96.9% !
2026-05-05 12:37:41: [WARNING] PANIC SELL activé
2026-05-05 13:37:42: [WARNING] PANIC SELL ACTIVÉ: Baisse de 96.9% !
2026-05-05 13:37:42: [WARNING] PANIC SELL activé
2026-05-05 14:37:43: [WARNING] PANIC SELL ACTIVÉ: Baisse de 96.9% !
2026-05-05 14:37:43: [WARNING] PANIC SELL activé
2026-05-05 15:37:44: [WARNING] PANIC SELL ACTIVÉ: Baisse de 96.9% !
2026-05-05 15:37:44: [WARNING] PANIC SELL activé
2026-05-05 16:37:45: [WARNING] PANIC SELL ACTIVÉ: Baisse de 96.9% !
2026-05-05 16:37:45: [WARNING] PANIC SELL activé
2026-05-05 17:37:46: [WARNING] PANIC SELL ACTIVÉ: Baisse de 96.9% !
2026-05-05 17:37:47: [WARNING] PANIC SELL activé
2026-05-05 18:37:47: [WARNING] PANIC SELL ACTIVÉ: Baisse de 96.9% !
2026-05-05 18:37:48: [WARNING] PANIC SELL activé
2026-05-05 19:37:48: [WARNING] PANIC SELL ACTIVÉ: Baisse de 96.9% !
2026-05-05 19:37:49: [WARNING] PANIC SELL activé
2026-05-05 20:37:50: [WARNING] PANIC SELL ACTIVÉ: Baisse de 96.9% !
2026-05-05 20:37:50: [WARNING] PANIC SELL activé
2026-05-05 20:52:40: [WARNING] PANIC SELL ACTIVÉ: Baisse de 94.2% !
2026-05-05 20:52:40: [PANIC SELL] Vente de 0.00730000 ETHUSDT à 2372.85 €
2026-05-05 20:52:41: [WARNING] PANIC SELL activé
2026-05-05 20:53:42: [WARNING] PANIC SELL ACTIVÉ: Baisse de 96.0% !
2026-05-05 20:53:42: [PANIC SELL] Vente de 0.00510000 ETHUSDT à 2372.12 €
2026-05-05 20:53:43: [WARNING] PANIC SELL activé
2026-05-05 20:54:43: [WARNING] PANIC SELL ACTIVÉ: Baisse de 97.2% !
2026-05-05 20:54:44: [WARNING] PANIC SELL activé
2026-05-05 20:55:44: [WARNING] PANIC SELL ACTIVÉ: Baisse de 97.2% !
2026-05-05 20:55:44: [WARNING] PANIC SELL activé
2026-05-05 20:56:45: [WARNING] PANIC SELL ACTIVÉ: Baisse de 97.2% !
2026-05-05 20:56:45: [WARNING] PANIC SELL activé
2026-05-05 20:57:45: [WARNING] PANIC SELL ACTIVÉ: Baisse de 97.2% !
2026-05-05 20:57:46: [WARNING] PANIC SELL activé
2026-05-05 20:58:46: [WARNING] PANIC SELL ACTIVÉ: Baisse de 97.2% !
2026-05-05 20:58:47: [WARNING] PANIC SELL activé
2026-05-05 20:59:47: [WARNING] PANIC SELL ACTIVÉ: Baisse de 97.2% !
2026-05-05 20:59:47: [WARNING] PANIC SELL activé
2026-05-05 21:00:48: [WARNING] PANIC SELL ACTIVÉ: Baisse de 97.2% !
2026-05-05 21:00:48: [WARNING] PANIC SELL activé
2026-05-05 21:01:49: [WARNING] PANIC SELL ACTIVÉ: Baisse de 97.2% !
2026-05-05 21:01:49: [WARNING] PANIC SELL activé
2026-05-05 21:02:49: [WARNING] PANIC SELL ACTIVÉ: Baisse de 97.2% !
2026-05-05 21:02:50: [WARNING] PANIC SELL activé
2026-05-05 21:03:50: [WARNING] PANIC SELL ACTIVÉ: Baisse de 97.2% !
2026-05-05 21:03:50: [WARNING] PANIC SELL activé
2026-05-05 21:04:51: [WARNING] PANIC SELL ACTIVÉ: Baisse de 97.2% !
2026-05-05 21:04:51: [WARNING] PANIC SELL activé
2026-05-05 21:05:51: [WARNING] PANIC SELL ACTIVÉ: Baisse de 97.2% !
2026-05-05 21:05:52: [WARNING] PANIC SELL activé
2026-05-05 21:06:52: [WARNING] PANIC SELL ACTIVÉ: Baisse de 97.2% !
2026-05-05 21:06:53: [WARNING] PANIC SELL activé
2026-05-05 21:07:53: [WARNING] PANIC SELL ACTIVÉ: Baisse de 97.2% !
2026-05-05 21:07:53: [WARNING] PANIC SELL activé
2026-05-05 21:08:54: [WARNING] PANIC SELL ACTIVÉ: Baisse de 97.2% !
2026-05-05 21:08:54: [WARNING] PANIC SELL activé
2026-05-05 21:09:54: [WARNING] PANIC SELL ACTIVÉ: Baisse de 97.2% !
2026-05-05 21:09:55: [WARNING] PANIC SELL activé
2026-05-05 21:10:55: [WARNING] PANIC SELL ACTIVÉ: Baisse de 97.2% !
2026-05-05 21:10:56: [WARNING] PANIC SELL activé
2026-05-05 21:11:56: [WARNING] PANIC SELL ACTIVÉ: Baisse de 97.2% !
2026-05-05 21:11:56: [WARNING] PANIC SELL activé
2026-05-05 21:12:57: [WARNING] PANIC SELL ACTIVÉ: Baisse de 97.2% !
2026-05-05 21:12:57: [WARNING] PANIC SELL activé
2026-05-05 21:13:57: [WARNING] PANIC SELL ACTIVÉ: Baisse de 97.2% !
2026-05-05 21:13:58: [WARNING] PANIC SELL activé
2026-05-05 21:14:58: [WARNING] PANIC SELL ACTIVÉ: Baisse de 97.2% !
2026-05-05 21:14:59: [WARNING] PANIC SELL activé
2026-05-05 21:15:59: [WARNING] PANIC SELL ACTIVÉ: Baisse de 97.2% !
2026-05-05 21:15:59: [WARNING] PANIC SELL activé
2026-05-05 21:17:00: [WARNING] PANIC SELL ACTIVÉ: Baisse de 97.2% !
2026-05-05 21:17:00: [WARNING] PANIC SELL activé
2026-05-05 21:18:00: [WARNING] PANIC SELL ACTIVÉ: Baisse de 97.2% !
2026-05-05 21:18:02: [WARNING] PANIC SELL activé
2026-05-05 21:19:02: [WARNING] PANIC SELL ACTIVÉ: Baisse de 97.2% !
2026-05-05 21:19:02: [WARNING] PANIC SELL activé
2026-05-05 21:20:03: [WARNING] PANIC SELL ACTIVÉ: Baisse de 97.2% !
2026-05-05 21:20:03: [WARNING] PANIC SELL activé
2026-05-05 21:21:03: [WARNING] PANIC SELL ACTIVÉ: Baisse de 97.2% !
2026-05-05 21:21:04: [WARNING] PANIC SELL activé
2026-05-05 21:22:04: [WARNING] PANIC SELL ACTIVÉ: Baisse de 97.2% !
2026-05-05 21:22:05: [WARNING] PANIC SELL activé
2026-05-05 21:23:05: [WARNING] PANIC SELL ACTIVÉ: Baisse de 97.2% !
2026-05-05 21:23:05: [WARNING] PANIC SELL activé
2026-05-05 21:24:06: [WARNING] PANIC SELL ACTIVÉ: Baisse de 97.2% !
2026-05-05 21:24:06: [WARNING] PANIC SELL activé
2026-05-05 21:25:07: [WARNING] PANIC SELL ACTIVÉ: Baisse de 97.2% !
2026-05-05 21:25:07: [WARNING] PANIC SELL activé
2026-05-05 21:26:07: [WARNING] PANIC SELL ACTIVÉ: Baisse de 97.2% !
2026-05-05 21:26:08: [WARNING] PANIC SELL activé
2026-05-05 21:27:08: [WARNING] PANIC SELL ACTIVÉ: Baisse de 97.2% !
2026-05-05 21:27:08: [WARNING] PANIC SELL activé
2026-05-05 21:28:09: [WARNING] PANIC SELL ACTIVÉ: Baisse de 97.2% !
2026-05-05 21:28:09: [WARNING] PANIC SELL activé
2026-05-05 21:29:10: [WARNING] PANIC SELL ACTIVÉ: Baisse de 97.2% !
2026-05-05 21:29:10: [WARNING] PANIC SELL activé
2026-05-05 21:30:10: [WARNING] PANIC SELL ACTIVÉ: Baisse de 97.2% !
2026-05-05 21:30:11: [WARNING] PANIC SELL activé
2026-05-05 21:31:11: [WARNING] PANIC SELL ACTIVÉ: Baisse de 97.2% !
2026-05-05 21:31:11: [WARNING] PANIC SELL activé
2026-05-05 21:32:12: [WARNING] PANIC SELL ACTIVÉ: Baisse de 97.2% !
2026-05-05 21:32:12: [WARNING] PANIC SELL activé
2026-05-05 21:33:13: [WARNING] PANIC SELL ACTIVÉ: Baisse de 97.2% !
2026-05-05 21:33:13: [WARNING] PANIC SELL activé
2026-05-05 21:34:13: [WARNING] PANIC SELL ACTIVÉ: Baisse de 97.2% !
2026-05-05 21:34:14: [WARNING] PANIC SELL activé
2026-05-05 21:35:14: [WARNING] PANIC SELL ACTIVÉ: Baisse de 97.2% !
2026-05-05 21:35:15: [WARNING] PANIC SELL activé
2026-05-05 21:36:15: [WARNING] PANIC SELL ACTIVÉ: Baisse de 97.2% !
2026-05-05 21:36:15: [WARNING] PANIC SELL activé
2026-05-05 21:37:16: [WARNING] PANIC SELL ACTIVÉ: Baisse de 97.2% !
2026-05-05 21:37:16: [WARNING] PANIC SELL activé
2026-05-05 21:38:16: [WARNING] PANIC SELL ACTIVÉ: Baisse de 97.2% !
2026-05-05 21:38:17: [WARNING] PANIC SELL activé
2026-05-05 21:39:17: [WARNING] PANIC SELL ACTIVÉ: Baisse de 97.2% !
2026-05-05 21:39:18: [WARNING] PANIC SELL activé
2026-05-05 21:40:18: [WARNING] PANIC SELL ACTIVÉ: Baisse de 97.2% !
2026-05-05 21:40:19: [WARNING] PANIC SELL activé
2026-05-05 21:41:19: [WARNING] PANIC SELL ACTIVÉ: Baisse de 97.2% !
2026-05-05 21:41:19: [WARNING] PANIC SELL activé
2026-05-05 21:42:20: [WARNING] PANIC SELL ACTIVÉ: Baisse de 97.2% !
2026-05-05 21:42:20: [WARNING] PANIC SELL activé
2026-05-05 21:43:21: [WARNING] PANIC SELL ACTIVÉ: Baisse de 97.2% !
2026-05-05 21:43:21: [WARNING] PANIC SELL activé
2026-05-05 21:44:21: [WARNING] PANIC SELL ACTIVÉ: Baisse de 97.2% !
2026-05-05 21:44:22: [WARNING] PANIC SELL activé
2026-05-05 21:45:22: [WARNING] PANIC SELL ACTIVÉ: Baisse de 97.2% !
2026-05-05 21:45:22: [WARNING] PANIC SELL activé
2026-05-05 21:46:23: [WARNING] PANIC SELL ACTIVÉ: Baisse de 97.2% !
2026-05-05 21:46:23: [WARNING] PANIC SELL activé
2026-05-05 21:47:23: [WARNING] PANIC SELL ACTIVÉ: Baisse de 97.2% !
2026-05-05 21:47:24: [WARNING] PANIC SELL activé
2026-05-05 21:48:24: [WARNING] PANIC SELL ACTIVÉ: Baisse de 97.2% !
2026-05-05 21:48:25: [WARNING] PANIC SELL activé
2026-05-05 21:49:25: [WARNING] PANIC SELL ACTIVÉ: Baisse de 97.2% !
2026-05-05 21:49:25: [WARNING] PANIC SELL activé
2026-05-05 21:50:26: [WARNING] PANIC SELL ACTIVÉ: Baisse de 97.2% !
2026-05-05 21:50:26: [WARNING] PANIC SELL activé
2026-05-05 21:51:27: [WARNING] PANIC SELL ACTIVÉ: Baisse de 97.2% !
2026-05-05 21:51:27: [WARNING] PANIC SELL activé
2026-05-05 21:52:27: [WARNING] PANIC SELL ACTIVÉ: Baisse de 97.2% !
2026-05-05 21:52:28: [WARNING] PANIC SELL activé
2026-05-05 21:53:28: [WARNING] PANIC SELL ACTIVÉ: Baisse de 97.2% !
2026-05-05 21:53:29: [WARNING] PANIC SELL activé
2026-05-05 21:54:29: [WARNING] PANIC SELL ACTIVÉ: Baisse de 97.2% !
2026-05-05 21:54:30: [WARNING] PANIC SELL activé
2026-05-05 21:55:30: [WARNING] PANIC SELL ACTIVÉ: Baisse de 97.2% !
2026-05-05 21:55:30: [WARNING] PANIC SELL activé
2026-05-05 21:56:31: [WARNING] PANIC SELL ACTIVÉ: Baisse de 97.2% !
2026-05-05 21:56:31: [WARNING] PANIC SELL activé
2026-05-05 21:57:31: [WARNING] PANIC SELL ACTIVÉ: Baisse de 97.2% !
2026-05-05 21:57:32: [WARNING] PANIC SELL activé
2026-05-05 21:58:32: [WARNING] PANIC SELL ACTIVÉ: Baisse de 97.2% !
2026-05-05 21:58:32: [WARNING] PANIC SELL activé
2026-05-05 21:59:33: [WARNING] PANIC SELL ACTIVÉ: Baisse de 97.2% !
2026-05-05 21:59:33: [WARNING] PANIC SELL activé
2026-05-05 22:00:34: [WARNING] PANIC SELL ACTIVÉ: Baisse de 97.2% !
2026-05-05 22:00:34: [WARNING] PANIC SELL activé
2026-05-05 22:01:34: [WARNING] PANIC SELL ACTIVÉ: Baisse de 97.2% !
2026-05-05 22:01:35: [WARNING] PANIC SELL activé
2026-05-05 22:02:35: [WARNING] PANIC SELL ACTIVÉ: Baisse de 97.2% !
2026-05-05 22:02:36: [WARNING] PANIC SELL activé
2026-05-05 22:03:36: [WARNING] PANIC SELL ACTIVÉ: Baisse de 97.2% !
2026-05-05 22:03:36: [WARNING] PANIC SELL activé
2026-05-05 22:04:37: [WARNING] PANIC SELL ACTIVÉ: Baisse de 97.2% !
2026-05-05 22:04:37: [WARNING] PANIC SELL activé
2026-05-05 22:05:37: [WARNING] PANIC SELL ACTIVÉ: Baisse de 97.2% !
2026-05-05 22:05:38: [WARNING] PANIC SELL activé
2026-05-05 22:06:38: [WARNING] PANIC SELL ACTIVÉ: Baisse de 97.2% !
2026-05-05 22:06:39: [WARNING] PANIC SELL activé
2026-05-05 22:07:39: [WARNING] PANIC SELL ACTIVÉ: Baisse de 97.2% !
2026-05-05 22:07:39: [WARNING] PANIC SELL activé
2026-05-05 22:08:40: [WARNING] PANIC SELL ACTIVÉ: Baisse de 97.2% !
2026-05-05 22:08:40: [WARNING] PANIC SELL activé
2026-05-05 22:09:40: [WARNING] PANIC SELL ACTIVÉ: Baisse de 97.2% !
2026-05-05 22:09:41: [WARNING] PANIC SELL activé
2026-05-05 22:10:41: [WARNING] PANIC SELL ACTIVÉ: Baisse de 97.2% !
2026-05-05 22:10:42: [WARNING] PANIC SELL activé
2026-05-05 22:11:42: [WARNING] PANIC SELL ACTIVÉ: Baisse de 97.2% !
2026-05-05 22:11:43: [WARNING] PANIC SELL activé
2026-05-05 22:12:43: [WARNING] PANIC SELL ACTIVÉ: Baisse de 97.2% !
2026-05-05 22:12:43: [WARNING] PANIC SELL activé
2026-05-05 22:13:44: [WARNING] PANIC SELL ACTIVÉ: Baisse de 97.2% !
2026-05-05 22:13:44: [WARNING] PANIC SELL activé
2026-05-05 22:14:44: [WARNING] PANIC SELL ACTIVÉ: Baisse de 97.2% !
2026-05-05 22:14:45: [WARNING] PANIC SELL activé
2026-05-05 22:15:45: [WARNING] PANIC SELL ACTIVÉ: Baisse de 97.2% !
2026-05-05 22:15:46: [WARNING] PANIC SELL activé
2026-05-05 22:16:46: [WARNING] PANIC SELL ACTIVÉ: Baisse de 97.2% !
2026-05-05 22:16:47: [WARNING] PANIC SELL activé
2026-05-05 22:17:47: [WARNING] PANIC SELL ACTIVÉ: Baisse de 97.2% !
2026-05-05 22:17:48: [WARNING] PANIC SELL activé
2026-05-05 22:18:48: [WARNING] PANIC SELL ACTIVÉ: Baisse de 97.2% !
2026-05-05 22:18:48: [WARNING] PANIC SELL activé
2026-05-05 22:19:49: [WARNING] PANIC SELL ACTIVÉ: Baisse de 97.2% !
2026-05-05 22:19:49: [WARNING] PANIC SELL activé
2026-05-05 22:20:49: [WARNING] PANIC SELL ACTIVÉ: Baisse de 97.2% !
2026-05-05 22:20:50: [WARNING] PANIC SELL activé
2026-05-05 22:21:50: [WARNING] PANIC SELL ACTIVÉ: Baisse de 97.2% !
2026-05-05 22:21:51: [WARNING] PANIC SELL activé
2026-05-05 22:22:51: [WARNING] PANIC SELL ACTIVÉ: Baisse de 97.2% !
2026-05-05 22:22:51: [WARNING] PANIC SELL activé
2026-05-05 22:23:52: [WARNING] PANIC SELL ACTIVÉ: Baisse de 97.2% !
2026-05-05 22:23:52: [WARNING] PANIC SELL activé
2026-05-05 22:24:52: [WARNING] PANIC SELL ACTIVÉ: Baisse de 97.2% !
2026-05-05 22:24:53: [WARNING] PANIC SELL activé
2026-05-05 22:25:53: [WARNING] PANIC SELL ACTIVÉ: Baisse de 97.2% !
2026-05-05 22:25:53: [WARNING] PANIC SELL activé
2026-05-05 22:26:54: [WARNING] PANIC SELL ACTIVÉ: Baisse de 97.2% !
2026-05-05 22:26:54: [WARNING] PANIC SELL activé
2026-05-05 22:27:55: [WARNING] PANIC SELL ACTIVÉ: Baisse de 97.2% !
2026-05-05 22:27:55: [WARNING] PANIC SELL activé
2026-05-05 22:28:55: [WARNING] PANIC SELL ACTIVÉ: Baisse de 97.2% !
2026-05-05 22:28:56: [WARNING] PANIC SELL activé
2026-05-05 22:29:56: [WARNING] PANIC SELL ACTIVÉ: Baisse de 97.2% !
2026-05-05 22:29:57: [WARNING] PANIC SELL activé
2026-05-05 22:30:57: [WARNING] PANIC SELL ACTIVÉ: Baisse de 97.2% !
2026-05-05 22:30:57: [WARNING] PANIC SELL activé
2026-05-05 22:31:58: [WARNING] PANIC SELL ACTIVÉ: Baisse de 97.2% !
2026-05-05 22:31:58: [WARNING] PANIC SELL activé
2026-05-05 22:32:58: [WARNING] PANIC SELL ACTIVÉ: Baisse de 97.2% !
2026-05-05 22:32:59: [WARNING] PANIC SELL activé
2026-05-05 22:33:59: [WARNING] PANIC SELL ACTIVÉ: Baisse de 97.2% !
2026-05-05 22:33:59: [WARNING] PANIC SELL activé
2026-05-05 22:35:00: [WARNING] PANIC SELL ACTIVÉ: Baisse de 97.2% !
2026-05-05 22:35:00: [WARNING] PANIC SELL activé
2026-05-05 22:36:01: [WARNING] PANIC SELL ACTIVÉ: Baisse de 97.2% !
2026-05-05 22:36:01: [WARNING] PANIC SELL activé
2026-05-05 22:37:01: [WARNING] PANIC SELL ACTIVÉ: Baisse de 97.2% !
2026-05-05 22:37:02: [WARNING] PANIC SELL activé
2026-05-05 22:38:02: [WARNING] PANIC SELL ACTIVÉ: Baisse de 97.2% !
2026-05-05 22:38:03: [WARNING] PANIC SELL activé
2026-05-05 22:39:04: [WARNING] PANIC SELL ACTIVÉ: Baisse de 97.2% !
2026-05-05 22:39:04: [WARNING] PANIC SELL activé
2026-05-05 22:40:04: [WARNING] PANIC SELL ACTIVÉ: Baisse de 97.2% !
2026-05-05 22:40:05: [WARNING] PANIC SELL activé
2026-05-05 22:41:05: [WARNING] PANIC SELL ACTIVÉ: Baisse de 97.2% !
2026-05-05 22:41:06: [WARNING] PANIC SELL activé
2026-05-05 22:42:06: [WARNING] PANIC SELL ACTIVÉ: Baisse de 97.2% !
2026-05-05 22:42:06: [WARNING] PANIC SELL activé
2026-05-05 22:43:07: [WARNING] PANIC SELL ACTIVÉ: Baisse de 97.2% !
2026-05-05 22:43:07: [WARNING] PANIC SELL activé
2026-05-05 22:44:07: [WARNING] PANIC SELL ACTIVÉ: Baisse de 97.2% !
2026-05-05 22:44:08: [WARNING] PANIC SELL activé
2026-05-05 22:45:08: [WARNING] PANIC SELL ACTIVÉ: Baisse de 97.2% !
2026-05-05 22:45:08: [WARNING] PANIC SELL activé
2026-05-05 22:46:09: [WARNING] PANIC SELL ACTIVÉ: Baisse de 97.2% !
2026-05-05 22:46:09: [WARNING] PANIC SELL activé
2026-05-05 22:47:10: [WARNING] PANIC SELL ACTIVÉ: Baisse de 97.2% !
2026-05-05 22:47:10: [WARNING] PANIC SELL activé
2026-05-05 22:48:11: [WARNING] PANIC SELL ACTIVÉ: Baisse de 97.2% !
2026-05-05 22:48:11: [WARNING] PANIC SELL activé
2026-05-05 22:49:11: [WARNING] PANIC SELL ACTIVÉ: Baisse de 97.2% !
2026-05-05 22:49:12: [WARNING] PANIC SELL activé
2026-05-05 22:50:12: [WARNING] PANIC SELL ACTIVÉ: Baisse de 97.2% !
2026-05-05 22:50:13: [WARNING] PANIC SELL activé
2026-05-05 22:51:13: [WARNING] PANIC SELL ACTIVÉ: Baisse de 97.2% !
2026-05-05 22:51:13: [WARNING] PANIC SELL activé
2026-05-05 22:52:14: [WARNING] PANIC SELL ACTIVÉ: Baisse de 97.2% !
2026-05-05 22:52:14: [WARNING] PANIC SELL activé
2026-05-05 22:53:15: [WARNING] PANIC SELL ACTIVÉ: Baisse de 97.2% !
2026-05-05 22:53:15: [WARNING] PANIC SELL activé
2026-05-05 22:54:15: [WARNING] PANIC SELL ACTIVÉ: Baisse de 97.2% !
2026-05-05 22:54:16: [WARNING] PANIC SELL activé
2026-05-05 22:55:16: [WARNING] PANIC SELL ACTIVÉ: Baisse de 97.2% !
2026-05-05 22:55:17: [WARNING] PANIC SELL activé
2026-05-05 22:56:17: [WARNING] PANIC SELL ACTIVÉ: Baisse de 97.2% !
2026-05-05 22:56:18: [WARNING] PANIC SELL activé
2026-05-05 22:57:18: [WARNING] PANIC SELL ACTIVÉ: Baisse de 97.2% !
2026-05-05 22:57:18: [WARNING] PANIC SELL activé
2026-05-05 22:58:19: [WARNING] PANIC SELL ACTIVÉ: Baisse de 97.2% !
2026-05-05 22:58:19: [WARNING] PANIC SELL activé
2026-05-05 22:59:20: [WARNING] PANIC SELL ACTIVÉ: Baisse de 97.2% !
2026-05-05 22:59:20: [WARNING] PANIC SELL activé
2026-05-05 23:00:20: [WARNING] PANIC SELL ACTIVÉ: Baisse de 97.2% !
2026-05-05 23:00:21: [WARNING] PANIC SELL activé
2026-05-05 23:01:21: [WARNING] PANIC SELL ACTIVÉ: Baisse de 97.2% !
2026-05-05 23:01:21: [WARNING] PANIC SELL activé
2026-05-05 23:02:22: [WARNING] PANIC SELL ACTIVÉ: Baisse de 97.2% !
2026-05-05 23:02:22: [WARNING] PANIC SELL activé
2026-05-05 23:03:22: [WARNING] PANIC SELL ACTIVÉ: Baisse de 97.2% !
2026-05-05 23:03:23: [WARNING] PANIC SELL activé
2026-05-05 23:04:23: [WARNING] PANIC SELL ACTIVÉ: Baisse de 97.2% !
2026-05-05 23:04:24: [WARNING] PANIC SELL activé
2026-05-05 23:05:24: [WARNING] PANIC SELL ACTIVÉ: Baisse de 97.2% !
2026-05-05 23:05:25: [WARNING] PANIC SELL activé
2026-05-05 23:06:25: [WARNING] PANIC SELL ACTIVÉ: Baisse de 97.2% !
2026-05-05 23:06:25: [WARNING] PANIC SELL activé
2026-05-05 23:07:26: [WARNING] PANIC SELL ACTIVÉ: Baisse de 97.2% !
2026-05-05 23:07:26: [WARNING] PANIC SELL activé
2026-05-05 23:08:26: [WARNING] PANIC SELL ACTIVÉ: Baisse de 97.2% !
2026-05-05 23:08:27: [WARNING] PANIC SELL activé
2026-05-05 23:09:27: [WARNING] PANIC SELL ACTIVÉ: Baisse de 97.2% !
2026-05-05 23:09:28: [WARNING] PANIC SELL activé
2026-05-05 23:10:28: [WARNING] PANIC SELL ACTIVÉ: Baisse de 97.2% !
2026-05-05 23:10:28: [WARNING] PANIC SELL activé
2026-05-05 23:11:29: [WARNING] PANIC SELL ACTIVÉ: Baisse de 97.2% !
2026-05-05 23:11:29: [WARNING] PANIC SELL activé
2026-05-05 23:12:29: [WARNING] PANIC SELL ACTIVÉ: Baisse de 97.2% !
2026-05-05 23:12:30: [WARNING] PANIC SELL activé
2026-05-05 23:13:30: [WARNING] PANIC SELL ACTIVÉ: Baisse de 97.2% !
2026-05-05 23:13:31: [WARNING] PANIC SELL activé
2026-05-05 23:14:31: [WARNING] PANIC SELL ACTIVÉ: Baisse de 97.2% !
2026-05-05 23:14:31: [WARNING] PANIC SELL activé
2026-05-05 23:15:32: [WARNING] PANIC SELL ACTIVÉ: Baisse de 97.2% !
2026-05-05 23:15:32: [WARNING] PANIC SELL activé
2026-05-05 23:16:32: [WARNING] PANIC SELL ACTIVÉ: Baisse de 97.2% !
2026-05-05 23:16:33: [WARNING] PANIC SELL activé
2026-05-05 23:17:33: [WARNING] PANIC SELL ACTIVÉ: Baisse de 97.2% !
2026-05-05 23:17:33: [WARNING] PANIC SELL activé
2026-05-05 23:18:34: [WARNING] PANIC SELL ACTIVÉ: Baisse de 97.2% !
2026-05-05 23:18:34: [WARNING] PANIC SELL activé
2026-05-05 23:19:35: [WARNING] PANIC SELL ACTIVÉ: Baisse de 97.2% !
2026-05-05 23:19:35: [WARNING] PANIC SELL activé
2026-05-05 23:20:35: [WARNING] PANIC SELL ACTIVÉ: Baisse de 97.2% !
2026-05-05 23:20:36: [WARNING] PANIC SELL activé
2026-05-05 23:21:36: [WARNING] PANIC SELL ACTIVÉ: Baisse de 97.2% !
2026-05-05 23:21:36: [WARNING] PANIC SELL activé
2026-05-05 23:22:37: [WARNING] PANIC SELL ACTIVÉ: Baisse de 97.2% !
2026-05-05 23:22:37: [WARNING] PANIC SELL activé
2026-05-05 23:23:38: [WARNING] PANIC SELL ACTIVÉ: Baisse de 97.2% !
2026-05-05 23:23:38: [WARNING] PANIC SELL activé
2026-05-05 23:24:38: [WARNING] PANIC SELL ACTIVÉ: Baisse de 97.2% !
2026-05-05 23:24:39: [WARNING] PANIC SELL activé
2026-05-05 23:25:39: [WARNING] PANIC SELL ACTIVÉ: Baisse de 97.2% !
2026-05-05 23:25:39: [WARNING] PANIC SELL activé
2026-05-05 23:26:40: [WARNING] PANIC SELL ACTIVÉ: Baisse de 97.2% !
2026-05-05 23:26:40: [WARNING] PANIC SELL activé
2026-05-05 23:27:41: [WARNING] PANIC SELL ACTIVÉ: Baisse de 97.2% !
2026-05-05 23:27:41: [WARNING] PANIC SELL activé
2026-05-06 07:03:52: [WARNING] PANIC SELL ACTIVÉ: Baisse de 93.1% !
2026-05-06 07:03:53: [SIMU PANIC SELL] Vente de 0.00017000 BTCUSDT à 81271.75 €
2026-05-06 07:03:53: [SIMU PANIC SELL] Vente de 0.00470000 ETHUSDT à 2364.42 €
2026-05-06 07:03:53: [WARNING] PANIC SELL activé
2026-05-06 07:04:53: [WARNING] PANIC SELL ACTIVÉ: Baisse de 95.6% !
2026-05-06 07:04:54: [WARNING] PANIC SELL activé
2026-05-06 07:05:54: [WARNING] PANIC SELL ACTIVÉ: Baisse de 95.6% !
2026-05-06 07:05:55: [WARNING] PANIC SELL activé
2026-05-06 07:06:55: [WARNING] PANIC SELL ACTIVÉ: Baisse de 95.6% !
2026-05-06 07:06:56: [WARNING] PANIC SELL activé
2026-05-06 07:07:56: [WARNING] PANIC SELL ACTIVÉ: Baisse de 95.6% !
2026-05-06 07:07:56: [WARNING] PANIC SELL activé
2026-05-06 07:08:57: [WARNING] PANIC SELL ACTIVÉ: Baisse de 95.6% !
2026-05-06 07:08:57: [WARNING] PANIC SELL activé
2026-05-06 07:09:57: [WARNING] PANIC SELL ACTIVÉ: Baisse de 95.6% !
2026-05-06 07:09:58: [WARNING] PANIC SELL activé
2026-05-06 07:10:58: [WARNING] PANIC SELL ACTIVÉ: Baisse de 95.6% !
2026-05-06 07:10:58: [WARNING] PANIC SELL activé
2026-05-06 07:11:59: [WARNING] PANIC SELL ACTIVÉ: Baisse de 95.6% !
2026-05-06 07:11:59: [WARNING] PANIC SELL activé
2026-05-06 07:13:00: [WARNING] PANIC SELL ACTIVÉ: Baisse de 95.6% !
2026-05-06 07:13:00: [WARNING] PANIC SELL activé
2026-05-06 07:14:00: [WARNING] PANIC SELL ACTIVÉ: Baisse de 95.6% !
2026-05-06 07:14:01: [WARNING] PANIC SELL activé
2026-05-06 07:15:01: [WARNING] PANIC SELL ACTIVÉ: Baisse de 95.6% !
2026-05-06 07:15:01: [WARNING] PANIC SELL activé
2026-05-06 07:16:02: [WARNING] PANIC SELL ACTIVÉ: Baisse de 95.6% !
2026-05-06 07:16:02: [WARNING] PANIC SELL activé
2026-05-06 07:17:03: [WARNING] PANIC SELL ACTIVÉ: Baisse de 95.6% !
2026-05-06 07:17:03: [WARNING] PANIC SELL activé
2026-05-06 07:18:04: [WARNING] PANIC SELL ACTIVÉ: Baisse de 95.6% !
2026-05-06 07:18:04: [WARNING] PANIC SELL activé
2026-05-06 07:19:04: [WARNING] PANIC SELL ACTIVÉ: Baisse de 95.6% !
2026-05-06 07:19:05: [WARNING] PANIC SELL activé
2026-05-06 07:20:05: [WARNING] PANIC SELL ACTIVÉ: Baisse de 95.6% !
2026-05-06 07:20:06: [WARNING] PANIC SELL activé
2026-05-06 07:21:06: [WARNING] PANIC SELL ACTIVÉ: Baisse de 95.6% !
2026-05-06 07:21:06: [WARNING] PANIC SELL activé
